// Jest Snapshot v1, https://goo.gl/fbAQLP

exports[`Pruebas en <ProductTitle/> debe de mostrar el componente correctamente con el titulo personalizado 1`] = `
<span
  class="productDescription undefined"
>
  Custom Product
</span>
`;
