// Jest Snapshot v1, https://goo.gl/fbAQLP

exports[`Pruebas en <ProductCard/> debe de mostrar el componente correctamente 1`] = `
<h1>
  Product Card
</h1>
`;
